Archive member included because of file (symbol)

c:/hu_armdevenv/dev_tools/yagarto/bin/../lib/gcc/arm-none-eabi/4.7.2\libgcc.a(_udivsi3.o)
                              ./../Source/uart.o (__aeabi_uidiv)
c:/hu_armdevenv/dev_tools/yagarto/bin/../lib/gcc/arm-none-eabi/4.7.2\libgcc.a(_dvmd_tls.o)
                              c:/hu_armdevenv/dev_tools/yagarto/bin/../lib/gcc/arm-none-eabi/4.7.2\libgcc.a(_udivsi3.o) (__aeabi_idiv0)

Allocating common symbols
Common symbol       size              file

MRF24_Rx_Data       0x8f              ./../Source/MRF24J40.o
adres2              0x4               ./../Source/MRF24J40.o
tel                 0x3c              ./../Source/main.o

Memory Configuration

Name             Origin             Length             Attributes
rom              0x00000000         0x0007e000
ram              0x40000000         0x00008000
*default*        0x00000000         0xffffffff

Linker script and memory map

LOAD crt0.o
                0x00008000                __ram_size__ = 0x8000
                0x00000100                __STACK_SIZE_FIQ__ = 0x100
                0x00000100                __STACK_SIZE_IRQ__ = 0x100
                0x00000004                __STACK_SIZE_SUPERVISOR__ = 0x4
                0x00000004                __STACK_SIZE_ABORT__ = 0x4
                0x00000004                __STACK_SIZE_UNDEFINED__ = 0x4
                0x40007df0                __stack_end__ = (((((((0x40000000 + __ram_size__) - 0x4) - __STACK_SIZE_FIQ__) - __STACK_SIZE_IRQ__) - __STACK_SIZE_SUPERVISOR__) - __STACK_SIZE_ABORT__) - __STACK_SIZE_UNDEFINED__)
                0x40007df4                __stack_end_undefined__ = ((((((0x40000000 + __ram_size__) - 0x4) - __STACK_SIZE_FIQ__) - __STACK_SIZE_IRQ__) - __STACK_SIZE_SUPERVISOR__) - __STACK_SIZE_ABORT__)
                0x40007df8                __stack_end_abort__ = (((((0x40000000 + __ram_size__) - 0x4) - __STACK_SIZE_FIQ__) - __STACK_SIZE_IRQ__) - __STACK_SIZE_SUPERVISOR__)
                0x40007dfc                __stack_end_supervisor__ = ((((0x40000000 + __ram_size__) - 0x4) - __STACK_SIZE_FIQ__) - __STACK_SIZE_IRQ__)
                0x40007efc                __stack_end_irq__ = (((0x40000000 + __ram_size__) - 0x4) - __STACK_SIZE_FIQ__)
                0x40007ffc                __stack_end_fiq__ = ((0x40000000 + __ram_size__) - 0x4)
                0x00000000                . = 0x0

startup
 *(.startup)

.text           0x00000000     0x2a64
 *(EXCLUDE_FILE(*text.iwram*) .text)
 .text          0x00000000      0x190 crt0.o
                0x00000000                _start
                0x0000002c                FIQHandler
                0x00000068                __disable_interrupts
                0x00000078                __enable_interrupts
 .text          0x00000190      0x124 ./../Source/delay.o
                0x00000190                delay_us
                0x000001ec                delay_ms
                0x00000250                delay_s
 .text          0x000002b4      0x254 ./../Source/keys.o
                0x000002b4                InitKeys
                0x000003c4                ReadKeys
 .text          0x00000508      0x4bc ./../Source/lcd.o
                0x00000508                lcd_wait
                0x00000558                lcd_out_data4
                0x000005b0                lcd_write_nibbles
                0x00000658                lcd_write_control
                0x000006a0                lcd_init
                0x0000076c                lcd_putchar
                0x000007b0                lcd_print
                0x00000890                lcd_clear
                0x000008ac                lcd_cursor_home
                0x000008c8                lcd_display_on
                0x000008e4                lcd_display_off
                0x00000900                lcd_cursor_blink
                0x0000091c                lcd_cursor_on
                0x00000938                lcd_cursor_off
                0x00000954                lcd_cursor_left
                0x00000970                lcd_cursor_right
                0x0000098c                lcd_display_sleft
                0x000009a8                lcd_display_sright
 .text          0x000009c4      0x67c ./../Source/main.o
                0x000009c4                main
                0x00000ce4                opschuiven
                0x00000dc4                gemiddeld
                0x00000e80                calibratie
 .text          0x00001040      0xc3c ./../Source/MRF24J40.o
                0x00001040                MRF24J40_init
                0x000012b4                MRF24J40_send_byte
                0x000012f4                MRF24J40_send_string
                0x00001360                MRF24J40_send
                0x00001544                MRF24J40_receive
                0x00001650                MRF24J40_interrupt
                0x00001990                MRF24J40_error
                0x000019b8                MRF24_Write_Short
                0x000019f0                MRF24_Read_Short
                0x00001a4c                MRF24_Write_Long
                0x00001a78                MRF24_Read_Long
                0x00001ba8                MRF24J40_sleep
                0x00001bd4                MRF24J40_wake
                0x00001c10                StringCopy
 .text          0x00001c7c       0xc8 ./../Source/pll.o
                0x00001c7c                PLL_init
 .text          0x00001d44      0x2f4 ./../Source/spi.o
                0x00001d44                SPI_init
                0x00001de4                SPI_set_8_bit
                0x00001e28                SPI_set_12_bit
                0x00001e6c                SPI_set_16_bit
                0x00001eb0                SPI_set_low_speed
                0x00001ef0                SPI_set_high_speed
                0x00001f30                SPI_get
                0x00001fc4                SPI_put
 .text          0x00002038      0x4b8 ./../Source/uart.o
                0x00002038                UART_init
                0x000020c0                UART_put
                0x0000218c                UART_putchar
                0x000021dc                UART_putbin
                0x000022a4                UART_putint
                0x000022cc                UART_puthex
                0x000022f4                UART_get
                0x0000234c                UART_get_unsigned
 .text          0x000024f0      0x45c ./../Source/vic.o
                0x000024f0                VicSetup
                0x000028c4                DisableVectorInt
                0x00002908                EnableVectorInt
 .text          0x0000294c      0x114 c:/hu_armdevenv/dev_tools/yagarto/bin/../lib/gcc/arm-none-eabi/4.7.2\libgcc.a(_udivsi3.o)
                0x0000294c                __aeabi_uidiv
                0x0000294c                __udivsi3
                0x00002a40                __aeabi_uidivmod
 .text          0x00002a60        0x4 c:/hu_armdevenv/dev_tools/yagarto/bin/../lib/gcc/arm-none-eabi/4.7.2\libgcc.a(_dvmd_tls.o)
                0x00002a60                __aeabi_idiv0
                0x00002a60                __aeabi_ldiv0
 *(.text.*)
 *(.stub)
 *(.gnu.warning)
 *(.gnu.linkonce.t*)
 *(.glue_7 .glue_7t)
 .glue_7        0x00000000        0x0 linker stubs
 .glue_7t       0x00000000        0x0 linker stubs
                0x00002a64                . = ALIGN (0x4)

.vfp11_veneer   0x00002a64        0x0
 .vfp11_veneer  0x00000000        0x0 linker stubs

.v4_bx          0x00002a64        0x0
 .v4_bx         0x00000000        0x0 linker stubs

.iplt           0x00002a64        0x0
 .iplt          0x00000000        0x0 crt0.o

.rodata         0x00002a64       0x1c
 *(.rodata)
 .rodata        0x00002a64       0x1c ./../Source/main.o
 *all.rodata*(*)
 *(.roda)
 *(.rodata.*)
 *(.gnu.linkonce.r*)
                0x00002a80                . = ALIGN (0x4)
                0x00002a80                __ro_end = .

.rel.dyn        0x00002a80        0x0
 .rel.iplt      0x00000000        0x0 crt0.o

.data           0x40000000       0x94 load address 0x00002a80
                0x40000000                __data_beg__ = .
                0x00002a80                __data_beg_src__ = __ro_end
 *(.data)
 .data          0x40000000        0x0 crt0.o
 .data          0x40000000        0x0 ./../Source/delay.o
 .data          0x40000000        0x0 ./../Source/keys.o
 .data          0x40000000        0x0 ./../Source/lcd.o
 .data          0x40000000        0x0 ./../Source/main.o
 .data          0x40000000       0x84 ./../Source/MRF24J40.o
                0x40000000                Received_Dataext
                0x40000080                errors
 .data          0x40000084        0x0 ./../Source/pll.o
 .data          0x40000084        0x0 ./../Source/spi.o
 .data          0x40000084       0x10 ./../Source/uart.o
 .data          0x40000094        0x0 ./../Source/vic.o
 .data          0x40000094        0x0 c:/hu_armdevenv/dev_tools/yagarto/bin/../lib/gcc/arm-none-eabi/4.7.2\libgcc.a(_udivsi3.o)
 .data          0x40000094        0x0 c:/hu_armdevenv/dev_tools/yagarto/bin/../lib/gcc/arm-none-eabi/4.7.2\libgcc.a(_dvmd_tls.o)
 *(.data.*)
 *(.gnu.linkonce.d*)
                0x40000094                . = ALIGN (0x4)
                0x40000094                __data_end__ = .
                0x40000094                __data_end = .

.igot.plt       0x40000094        0x0 load address 0x00002b14
 .igot.plt      0x00000000        0x0 crt0.o

.bss            0x40000094       0xdc load address 0x00002b14
                0x40000094                __bss_start = .
                0x40000094                __bss_beg__ = .
 *(.bss)
 .bss           0x40000094        0x0 crt0.o
 .bss           0x40000094        0x0 ./../Source/delay.o
 .bss           0x40000094        0x0 ./../Source/keys.o
 .bss           0x40000094        0x0 ./../Source/lcd.o
 .bss           0x40000094        0x0 ./../Source/main.o
 .bss           0x40000094        0xc ./../Source/MRF24J40.o
                0x40000094                nieuwe_data
                0x40000098                busy
                0x4000009c                sequence_number
 .bss           0x400000a0        0x0 ./../Source/pll.o
 .bss           0x400000a0        0x0 ./../Source/spi.o
 .bss           0x400000a0        0x0 ./../Source/uart.o
 .bss           0x400000a0        0x0 ./../Source/vic.o
 .bss           0x400000a0        0x0 c:/hu_armdevenv/dev_tools/yagarto/bin/../lib/gcc/arm-none-eabi/4.7.2\libgcc.a(_udivsi3.o)
 .bss           0x400000a0        0x0 c:/hu_armdevenv/dev_tools/yagarto/bin/../lib/gcc/arm-none-eabi/4.7.2\libgcc.a(_dvmd_tls.o)
                0x400000a0                . = ALIGN (0x4)
 COMMON         0x400000a0       0x3c ./../Source/main.o
                0x400000a0                tel
 COMMON         0x400000dc       0x94 ./../Source/MRF24J40.o
                0x400000dc                MRF24_Rx_Data
                0x4000016c                adres2
                0x40000170                . = ALIGN (0x4)
                0x40000170                _end = .
                0x40000170                _bss_end__ = .
                0x40000170                __bss_end__ = .
                0x40000170                __end__ = .
                0x40000170                __bss_end = .
                0x40000170                PROVIDE (end, .)
LOAD ./../Source/delay.o
LOAD ./../Source/keys.o
LOAD ./../Source/lcd.o
LOAD ./../Source/main.o
LOAD ./../Source/MRF24J40.o
LOAD ./../Source/pll.o
LOAD ./../Source/spi.o
LOAD ./../Source/uart.o
LOAD ./../Source/vic.o
START GROUP
LOAD c:/hu_armdevenv/dev_tools/yagarto/bin/../lib/gcc/arm-none-eabi/4.7.2\libgcc.a
LOAD c:/hu_armdevenv/dev_tools/yagarto/bin/../lib/gcc/arm-none-eabi/4.7.2/../../../../arm-none-eabi/lib\libg.a
LOAD c:/hu_armdevenv/dev_tools/yagarto/bin/../lib/gcc/arm-none-eabi/4.7.2/../../../../arm-none-eabi/lib\libc.a
END GROUP
OUTPUT(./../Build/Project.elf elf32-littlearm)

.ARM.attributes
                0x00000000       0x2c
 .ARM.attributes
                0x00000000       0x14 crt0.o
 .ARM.attributes
                0x00000014       0x30 ./../Source/delay.o
 .ARM.attributes
                0x00000044       0x30 ./../Source/keys.o
 .ARM.attributes
                0x00000074       0x30 ./../Source/lcd.o
 .ARM.attributes
                0x000000a4       0x30 ./../Source/main.o
 .ARM.attributes
                0x000000d4       0x30 ./../Source/MRF24J40.o
 .ARM.attributes
                0x00000104       0x30 ./../Source/pll.o
 .ARM.attributes
                0x00000134       0x30 ./../Source/spi.o
 .ARM.attributes
                0x00000164       0x30 ./../Source/uart.o
 .ARM.attributes
                0x00000194       0x30 ./../Source/vic.o
 .ARM.attributes
                0x000001c4       0x18 c:/hu_armdevenv/dev_tools/yagarto/bin/../lib/gcc/arm-none-eabi/4.7.2\libgcc.a(_udivsi3.o)
 .ARM.attributes
                0x000001dc       0x18 c:/hu_armdevenv/dev_tools/yagarto/bin/../lib/gcc/arm-none-eabi/4.7.2\libgcc.a(_dvmd_tls.o)

.comment        0x00000000       0x11
 .comment       0x00000000       0x11 ./../Source/delay.o
                                 0x12 (size before relaxing)
 .comment       0x00000000       0x12 ./../Source/keys.o
 .comment       0x00000000       0x12 ./../Source/lcd.o
 .comment       0x00000000       0x12 ./../Source/main.o
 .comment       0x00000000       0x12 ./../Source/MRF24J40.o
 .comment       0x00000000       0x12 ./../Source/pll.o
 .comment       0x00000000       0x12 ./../Source/spi.o
 .comment       0x00000000       0x12 ./../Source/uart.o
 .comment       0x00000000       0x12 ./../Source/vic.o

.debug_info     0x00000000     0x1084
 .debug_info    0x00000000       0xcd ./../Source/delay.o
 .debug_info    0x000000cd       0xa0 ./../Source/keys.o
 .debug_info    0x0000016d      0x271 ./../Source/lcd.o
 .debug_info    0x000003de      0x23b ./../Source/main.o
 .debug_info    0x00000619      0x4c1 ./../Source/MRF24J40.o
 .debug_info    0x00000ada       0x3c ./../Source/pll.o
 .debug_info    0x00000b16      0x131 ./../Source/spi.o
 .debug_info    0x00000c47      0x242 ./../Source/uart.o
 .debug_info    0x00000e89       0xd9 ./../Source/vic.o
 .debug_info    0x00000f62       0x91 c:/hu_armdevenv/dev_tools/yagarto/bin/../lib/gcc/arm-none-eabi/4.7.2\libgcc.a(_udivsi3.o)
 .debug_info    0x00000ff3       0x91 c:/hu_armdevenv/dev_tools/yagarto/bin/../lib/gcc/arm-none-eabi/4.7.2\libgcc.a(_dvmd_tls.o)

.debug_abbrev   0x00000000      0x68c
 .debug_abbrev  0x00000000       0x76 ./../Source/delay.o
 .debug_abbrev  0x00000076       0x73 ./../Source/keys.o
 .debug_abbrev  0x000000e9       0xac ./../Source/lcd.o
 .debug_abbrev  0x00000195       0xe6 ./../Source/main.o
 .debug_abbrev  0x0000027b      0x18d ./../Source/MRF24J40.o
 .debug_abbrev  0x00000408       0x2c ./../Source/pll.o
 .debug_abbrev  0x00000434       0xae ./../Source/spi.o
 .debug_abbrev  0x000004e2      0x106 ./../Source/uart.o
 .debug_abbrev  0x000005e8       0x7c ./../Source/vic.o
 .debug_abbrev  0x00000664       0x14 c:/hu_armdevenv/dev_tools/yagarto/bin/../lib/gcc/arm-none-eabi/4.7.2\libgcc.a(_udivsi3.o)
 .debug_abbrev  0x00000678       0x14 c:/hu_armdevenv/dev_tools/yagarto/bin/../lib/gcc/arm-none-eabi/4.7.2\libgcc.a(_dvmd_tls.o)

.debug_loc      0x00000000      0xaa8
 .debug_loc     0x00000000       0x84 ./../Source/delay.o
 .debug_loc     0x00000084       0x58 ./../Source/keys.o
 .debug_loc     0x000000dc      0x318 ./../Source/lcd.o
 .debug_loc     0x000003f4       0xb0 ./../Source/main.o
 .debug_loc     0x000004a4      0x268 ./../Source/MRF24J40.o
 .debug_loc     0x0000070c       0x2c ./../Source/pll.o
 .debug_loc     0x00000738      0x160 ./../Source/spi.o
 .debug_loc     0x00000898      0x18c ./../Source/uart.o
 .debug_loc     0x00000a24       0x84 ./../Source/vic.o

.debug_aranges  0x00000000      0x160
 .debug_aranges
                0x00000000       0x20 ./../Source/delay.o
 .debug_aranges
                0x00000020       0x20 ./../Source/keys.o
 .debug_aranges
                0x00000040       0x20 ./../Source/lcd.o
 .debug_aranges
                0x00000060       0x20 ./../Source/main.o
 .debug_aranges
                0x00000080       0x20 ./../Source/MRF24J40.o
 .debug_aranges
                0x000000a0       0x20 ./../Source/pll.o
 .debug_aranges
                0x000000c0       0x20 ./../Source/spi.o
 .debug_aranges
                0x000000e0       0x20 ./../Source/uart.o
 .debug_aranges
                0x00000100       0x20 ./../Source/vic.o
 .debug_aranges
                0x00000120       0x20 c:/hu_armdevenv/dev_tools/yagarto/bin/../lib/gcc/arm-none-eabi/4.7.2\libgcc.a(_udivsi3.o)
 .debug_aranges
                0x00000140       0x20 c:/hu_armdevenv/dev_tools/yagarto/bin/../lib/gcc/arm-none-eabi/4.7.2\libgcc.a(_dvmd_tls.o)

.debug_line     0x00000000      0x7a2
 .debug_line    0x00000000       0x82 ./../Source/delay.o
 .debug_line    0x00000082       0xb1 ./../Source/keys.o
 .debug_line    0x00000133       0xc4 ./../Source/lcd.o
 .debug_line    0x000001f7      0x112 ./../Source/main.o
 .debug_line    0x00000309      0x189 ./../Source/MRF24J40.o
 .debug_line    0x00000492       0x52 ./../Source/pll.o
 .debug_line    0x000004e4       0x87 ./../Source/spi.o
 .debug_line    0x0000056b       0xc8 ./../Source/uart.o
 .debug_line    0x00000633       0x84 ./../Source/vic.o
 .debug_line    0x000006b7       0x8a c:/hu_armdevenv/dev_tools/yagarto/bin/../lib/gcc/arm-none-eabi/4.7.2\libgcc.a(_udivsi3.o)
 .debug_line    0x00000741       0x61 c:/hu_armdevenv/dev_tools/yagarto/bin/../lib/gcc/arm-none-eabi/4.7.2\libgcc.a(_dvmd_tls.o)

.debug_str      0x00000000      0x62b
 .debug_str     0x00000000       0x57 ./../Source/delay.o
                                 0x64 (size before relaxing)
 .debug_str     0x00000057       0x31 ./../Source/keys.o
                                 0x69 (size before relaxing)
 .debug_str     0x00000088      0x12c ./../Source/lcd.o
                                0x165 (size before relaxing)
 .debug_str     0x000001b4       0xca ./../Source/main.o
                                 0xdb (size before relaxing)
 .debug_str     0x0000027e      0x20f ./../Source/MRF24J40.o
                                0x295 (size before relaxing)
 .debug_str     0x0000048d       0x19 ./../Source/pll.o
                                 0x3f (size before relaxing)
 .debug_str     0x000004a6       0x87 ./../Source/spi.o
                                 0xd3 (size before relaxing)
 .debug_str     0x0000052d       0x9d ./../Source/uart.o
                                 0xf8 (size before relaxing)
 .debug_str     0x000005ca       0x61 ./../Source/vic.o
                                 0xa0 (size before relaxing)

.debug_frame    0x00000000      0x708
 .debug_frame   0x00000000       0x58 ./../Source/delay.o
 .debug_frame   0x00000058       0x40 ./../Source/keys.o
 .debug_frame   0x00000098      0x200 ./../Source/lcd.o
 .debug_frame   0x00000298       0x74 ./../Source/main.o
 .debug_frame   0x0000030c      0x194 ./../Source/MRF24J40.o
 .debug_frame   0x000004a0       0x28 ./../Source/pll.o
 .debug_frame   0x000004c8       0xd0 ./../Source/spi.o
 .debug_frame   0x00000598       0xf8 ./../Source/uart.o
 .debug_frame   0x00000690       0x58 ./../Source/vic.o
 .debug_frame   0x000006e8       0x20 c:/hu_armdevenv/dev_tools/yagarto/bin/../lib/gcc/arm-none-eabi/4.7.2\libgcc.a(_udivsi3.o)
